// Jest Snapshot v1, https://goo.gl/fbAQLP

exports[`Food component matches snapshot DOM node structure 1`] = `
<DocumentFragment>
  <div
    class="container-fluid"
  >
    <div
      class="row"
    >
      <div
        class="col-md-auto"
      >
        <div
          class="card-group"
        >
          <div
            class="shadow-lg card"
            style="color: rgb(0, 0, 0); width: auto;"
          >
            <img
              alt="food image"
              class="card-img-top rounded"
              src="https://external-content.duckduckgo.com/iu/?u=https%3A%2F%2Ftse2.mm.bing.net%2Fth%3Fid%3DOIP.yO_oWdXO2qCADpbD-Eb-WQHaFl%26pid%3DApi&f=1&ipt=6e7c514c9c3ac5abc8a764a3b26023e3e8999d18b007585d75166ac9cc146d8f&ipo=images/100px160"
            />
            <div
              class="card-body"
            >
              <div
                class="card-title h5"
              >
                Eat Like Foxy
              </div>
              <p
                class="card-text"
              >
                Eat like foxy queens and kings at some of the best and well renowns Restaurants city and around the the world with foxy. Join us on social media or come with your friends to one of our events.
              </p>
            </div>
            <div
              class="card-footer"
            >
              <button
                class="btn btn-outline-primary"
                type="button"
              >
                Primary
              </button>
               
              <small
                class="text-muted"
              >
                Last updated 3 mins ago
              </small>
            </div>
          </div>
          <div
            class="shadow-lg card"
            style="color: rgb(0, 0, 0); width: auto;"
          >
            <img
              alt="food image"
              class="card-img-top rounded"
              src="https://external-content.duckduckgo.com/iu/?u=https%3A%2F%2Ftse4.mm.bing.net%2Fth%3Fid%3DOIP.fDEDDwwgtCyI194bhdvcjQHaFu%26pid%3DApi&f=1&ipt=d3b34306d1aaebffed6f305ecadb6ce4c26f0722f71b7dc0277244e22f86b9ba&ipo=images/100px160 rounded"
            />
            <div
              class="card-body"
            >
              <div
                class="card-title h5"
              >
                Card title
              </div>
              <p
                class="card-text"
              >
                Eat like foxy queens and kings at some of the best and well renowns Restaurants city and around the the world with foxy. Join us on social media or come with your friends to one of our events. 
              </p>
            </div>
            <div
              class="card-footer"
            >
              <button
                class="btn btn-outline-primary"
                type="button"
              >
                Primary
              </button>
               
              <small
                class="text-muted"
              >
                Last updated 3 mins ago
              </small>
            </div>
          </div>
        </div>
      </div>
    </div>
  </div>
</DocumentFragment>
`;
